15:48:54.926962 → Session.create id=1
15:48:54.934645 ← Session.create id=1 [7.682458ms] OK
15:48:54.934712 → Settings.update id=2
15:48:54.935984 ← Settings.update id=2 [1.272625ms] OK
15:48:54.936012 → Settings.update id=3
15:48:54.937002 ← Settings.update id=3 [990.417µs] OK
15:48:54.993749 → Settings.update id=4
15:48:54.994939 ← Settings.update id=4 [1.190125ms] OK
15:48:54.995803 → Device.forceStop id=5
15:48:55.004950 ← Device.forceStop id=5 [9.146291ms] OK
15:48:55.004985 → Device.grantPermissions id=6
15:48:55.177937 ← Device.grantPermissions id=6 [172.951708ms] OK
15:48:55.177983 → Device.launchApp id=7
15:48:55.179939 ← Device.launchApp id=7 [1.956459ms] ERR: No launch intent for package: com.testhiveapp
15:48:55.478781 → Gesture.findAndClick id=8
15:48:55.604919 ← Gesture.findAndClick id=8 [126.138542ms] ERR: Element not found: -android uiautomator=new UiSelector().resourceId("username-input")
15:48:55.604967 → Gesture.findAndClick id=9
15:48:55.715220 ← Gesture.findAndClick id=9 [110.253167ms] ERR: Element not found: -android uiautomator=new UiSelector().resourceIdMatches(".*username-input.*")
15:48:55.715287 → Gesture.findAndClick id=10
15:48:55.830808 ← Gesture.findAndClick id=10 [115.520583ms] ERR: Element not found: -android uiautomator=new UiSelector().resourceId("username-input")
15:48:55.830843 → Gesture.findAndClick id=11
15:48:55.941183 ← Gesture.findAndClick id=11 [110.339875ms] ERR: Element not found: -android uiautomator=new UiSelector().resourceIdMatches(".*username-input.*")
15:48:55.941229 → Gesture.findAndClick id=12
15:48:56.054912 ← Gesture.findAndClick id=12 [113.683292ms] ERR: Element not found: -android uiautomator=new UiSelector().resourceId("username-input")
15:48:56.054982 → Gesture.findAndClick id=13
15:48:56.169762 ← Gesture.findAndClick id=13 [114.779292ms] ERR: Element not found: -android uiautomator=new UiSelector().resourceIdMatches(".*username-input.*")
15:48:56.184692 → Gesture.findAndClick id=14
15:48:56.298921 ← Gesture.findAndClick id=14 [114.229042ms] ERR: Element not found: -android uiautomator=new UiSelector().resourceId("username-input")
15:48:56.298977 → Gesture.findAndClick id=15
15:48:56.409319 ← Gesture.findAndClick id=15 [110.341167ms] ERR: Element not found: -android uiautomator=new UiSelector().resourceIdMatches(".*username-input.*")
15:48:56.409381 → Gesture.findAndClick id=16
15:48:56.523834 ← Gesture.findAndClick id=16 [114.452166ms] ERR: Element not found: -android uiautomator=new UiSelector().resourceId("username-input")
15:48:56.523898 → Gesture.findAndClick id=17
15:48:56.635305 ← Gesture.findAndClick id=17 [111.407291ms] ERR: Element not found: -android uiautomator=new UiSelector().resourceIdMatches(".*username-input.*")
15:48:56.651848 → Gesture.findAndClick id=18
15:48:56.766204 ← Gesture.findAndClick id=18 [114.355709ms] ERR: Element not found: -android uiautomator=new UiSelector().resourceId("username-input")
15:48:56.766253 → Gesture.findAndClick id=19
15:48:56.880180 ← Gesture.findAndClick id=19 [113.92575ms] ERR: Element not found: -android uiautomator=new UiSelector().resourceIdMatches(".*username-input.*")
15:48:56.896684 → Gesture.findAndClick id=20
15:48:57.010166 ← Gesture.findAndClick id=20 [113.4815ms] ERR: Element not found: -android uiautomator=new UiSelector().resourceId("username-input")
15:48:57.010222 → Gesture.findAndClick id=21
15:48:57.119484 ← Gesture.findAndClick id=21 [109.261958ms] ERR: Element not found: -android uiautomator=new UiSelector().resourceIdMatches(".*username-input.*")
15:48:57.119541 → Gesture.findAndClick id=22
15:48:57.237684 ← Gesture.findAndClick id=22 [118.142833ms] ERR: Element not found: -android uiautomator=new UiSelector().resourceId("username-input")
15:48:57.237742 → Gesture.findAndClick id=23
15:48:57.347788 ← Gesture.findAndClick id=23 [110.046333ms] ERR: Element not found: -android uiautomator=new UiSelector().resourceIdMatches(".*username-input.*")
15:48:57.347839 → Gesture.findAndClick id=24
15:48:57.686346 ← Gesture.findAndClick id=24 [338.507625ms] OK
15:48:57.745412 → UI.activeElement id=25
15:48:57.748967 ← UI.activeElement id=25 [3.556709ms] OK
15:48:57.749001 → Input.sendKeys id=26
15:48:57.753116 ← Input.sendKeys id=26 [4.11525ms] OK
15:48:57.753744 → UI.findElement id=27
15:48:57.772497 ← UI.findElement id=27 [18.7535ms] OK
15:48:57.793734 → Gesture.findAndClick id=28
15:48:58.034548 ← Gesture.findAndClick id=28 [240.814125ms] OK
15:48:58.035232 → UI.activeElement id=29
15:48:58.042139 ← UI.activeElement id=29 [6.907166ms] OK
15:48:58.042174 → Input.sendKeys id=30
15:48:58.044479 ← Input.sendKeys id=30 [2.304958ms] OK
15:48:58.045013 → UI.findElement id=31
15:48:58.058290 ← UI.findElement id=31 [13.277333ms] OK
15:48:58.082351 → Gesture.findAndClick id=32
15:48:58.320269 ← Gesture.findAndClick id=32 [237.9185ms] OK
15:48:58.389053 → UI.findElement id=33
15:48:58.513215 ← UI.findElement id=33 [124.161417ms] ERR: Element not found: -android uiautomator=new UiSelector().textContains("Hello, devicelab!")
15:48:58.513243 → UI.findElement id=34
15:48:58.650989 ← UI.findElement id=34 [137.746458ms] ERR: Element not found: -android uiautomator=new UiSelector().descriptionContains("Hello, devicelab!")
15:48:58.651020 → UI.findElement id=35
15:48:58.762386 ← UI.findElement id=35 [111.365333ms] ERR: Element not found: -android uiautomator=new UiSelector().hintContains("Hello, devicelab!")
15:48:58.762422 → UI.findElement id=36
15:48:58.877555 ← UI.findElement id=36 [115.132708ms] ERR: Element not found: -android uiautomator=new UiSelector().textMatches("(?is).*\QHello, devicelab!\E.*")
15:48:58.877601 → UI.findElement id=37
15:48:58.991894 ← UI.findElement id=37 [114.292584ms] ERR: Element not found: -android uiautomator=new UiSelector().descriptionMatches("(?is).*\QHello, devicelab!\E.*")
15:48:58.991931 → UI.findElement id=38
15:48:59.109770 ← UI.findElement id=38 [117.838834ms] ERR: Element not found: -android uiautomator=new UiSelector().hintMatches("(?is).*\QHello, devicelab!\E.*")
15:48:59.109803 → UI.getSource id=39
15:48:59.119276 ← UI.getSource id=39 [9.473166ms] OK
15:48:59.140052 → UI.findElement id=40
15:48:59.253150 ← UI.findElement id=40 [113.097833ms] ERR: Element not found: -android uiautomator=new UiSelector().textContains("Hello, devicelab!")
15:48:59.253192 → UI.findElement id=41
15:48:59.399458 ← UI.findElement id=41 [146.265708ms] ERR: Element not found: -android uiautomator=new UiSelector().descriptionContains("Hello, devicelab!")
15:48:59.399496 → UI.findElement id=42
15:48:59.544379 ← UI.findElement id=42 [144.88325ms] ERR: Element not found: -android uiautomator=new UiSelector().hintContains("Hello, devicelab!")
15:48:59.544420 → UI.findElement id=43
15:48:59.547578 ← UI.findElement id=43 [3.157083ms] OK
15:48:59.554644 → Session.delete id=44
15:48:59.555710 ← Session.delete id=44 [1.066041ms] OK
